// Jest Snapshot v1, https://goo.gl/fbAQLP

exports[`Quiz component renders a snapshot 1`] = `
<div
  className="container"
>
  <div
    className="questionCount"
  >
    Question 
    <span />
     of 
    <span />
  </div>
  <div>
    <p
      className="fs-2"
    />
  </div>
  <ul
    className="answerOptions"
  />
  <div
    className="bottom-footer"
  >
    <div />
    <div />
  </div>
  <div
    style={
      Object {
        "display": "flex",
        "flexDirection": "row-reverse",
      }
    }
  />
</div>
`;
